#-----------------------------------------------------------
# Vivado v2021.1 (64-bit)
# SW Build 3247384 on Thu Jun 10 19:36:07 MDT 2021
# IP Build 3246043 on Fri Jun 11 00:30:35 MDT 2021
# Start of session at: Thu Sep 28 18:51:54 2023
# Process ID: 605114
# Current directory: /home/bardia/Desktop/Path_Search
# Command line: vivado -mode tcl
# Log file: /home/bardia/Desktop/Path_Search/vivado.log
# Journal file: /home/bardia/Desktop/Path_Search/vivado.jou
#-----------------------------------------------------------
glob /home/bardia/Desktop/bardia/Timing_Characterization/Data/Bitsreams *
glob {/home/bardia/Desktop/bardia/Timing_Characterization/Data/Bitsreams} *
glob {/home/bardia/Desktop/bardia/Timing_Characterization/Data} *
cwd
pwd
glob -directory {/home/bardia/Desktop/bardia/Timing_Characterization/Data} *
llength [glob -directory {/home/bardia/Desktop/bardia/Timing_Characterization/Data/Bitsreams} *]
llength [glob -directory {/home/bardia/Desktop/bardia/Timing_Characterization/Data/Bitsreams} *.bit]
glob -directory {/home/bardia/Desktop/bardia/Timing_Characterization/Data/Bitsreams} *
